../Core/Src/main.c:149:16:INA226_WriteReg	1
../Core/Src/main.c:165:16:INA226_ReadReg	2
../Core/Src/main.c:184:16:INA226_Init	4
../Core/Src/main.c:204:16:INA226_ReadAll	4
../Core/Src/main.c:233:16:OLED_Cmd	1
../Core/Src/main.c:243:16:OLED_Data	4
../Core/Src/main.c:271:16:OLED_Init	3
../Core/Src/main.c:321:13:OLED_SetPortrait	1
../Core/Src/main.c:331:13:OLED_Clear	1
../Core/Src/main.c:336:13:OLED_HardClear	4
../Core/Src/main.c:357:13:OLED_Update	2
../Core/Src/main.c:368:16:OLED_LogicalWidth	2
../Core/Src/main.c:378:16:OLED_LogicalHeight	2
../Core/Src/main.c:388:13:OLED_DrawPixel	5
../Core/Src/main.c:420:13:OLED_FillRect	3
../Core/Src/main.c:431:13:Glyph3x5	45
../Core/Src/main.c:491:13:OLED_DrawChar	4
../Core/Src/main.c:512:13:OLED_DrawText	3
../Core/Src/main.c:527:17:OLED_TextWidth	2
../Core/Src/main.c:540:13:OLED_DrawCenteredText	3
../Core/Src/main.c:553:13:OLED_DrawCenteredTextFit	3
../Core/Src/main.c:565:13:Button_Task	10
../Core/Src/main.c:620:13:Render_Display	3
../Core/Src/main.c:645:13:Render_Landscape	9
../Core/Src/main.c:749:13:Render_Portrait	9
../Core/Src/main.c:853:13:Error_Handler_Blink	1
../Core/Src/main.c:868:5:main	9
../Core/Src/main.c:977:6:SystemClock_Config	3
../Core/Src/main.c:1021:13:MX_I2C1_Init	4
../Core/Src/main.c:1072:13:MX_GPIO_Init	1
../Core/Src/main.c:1112:6:Error_Handler	1
